::ffff:127.0.0.1 - - [26/Jan/2024:05:07:48 +0000] "POST /api/v1/auth/registration HTTP/1.1" 201 486 "-" "PostmanRuntime/7.36.1"
::ffff:127.0.0.1 - - [26/Jan/2024:05:09:09 +0000] "POST /api/v1/auth/registration HTTP/1.1" 500 202 "-" "PostmanRuntime/7.36.1"
::ffff:127.0.0.1 - - [26/Jan/2024:05:09:31 +0000] "POST /api/v1/auth/registration HTTP/1.1" 500 202 "-" "PostmanRuntime/7.36.1"
::ffff:127.0.0.1 - - [26/Jan/2024:05:10:32 +0000] "POST /api/v1/auth/registration HTTP/1.1" 500 202 "-" "PostmanRuntime/7.36.1"
::ffff:127.0.0.1 - - [26/Jan/2024:05:13:46 +0000] "POST /api/v1/auth/registration HTTP/1.1" 201 490 "-" "PostmanRuntime/7.36.1"
::ffff:127.0.0.1 - - [26/Jan/2024:05:14:47 +0000] "POST /api/v1/auth/registration HTTP/1.1" 201 478 "-" "PostmanRuntime/7.36.1"
::ffff:127.0.0.1 - - [26/Jan/2024:05:15:28 +0000] "GET /api/v1/featured-rooms-list HTTP/1.1" 200 243 "-" "axios/1.6.3"
::ffff:127.0.0.1 - - [26/Jan/2024:05:15:28 +0000] "GET /api/v1/featured-rooms-list HTTP/1.1" 200 243 "-" "axios/1.6.3"
::1 - - [26/Jan/2024:05:16:02 +0000] "OPTIONS /api/v1/auth/login HTTP/1.1" 200 0 "http://localhost:3000/" "Mozilla/5.0 (Windows NT 10.0; Win64; x64) AppleWebKit/537.36 (KHTML, like Gecko) Chrome/120.0.0.0 Safari/537.36"
::1 - - [26/Jan/2024:05:16:02 +0000] "POST /api/v1/auth/login HTTP/1.1" 200 981 "http://localhost:3000/" "Mozilla/5.0 (Windows NT 10.0; Win64; x64) AppleWebKit/537.36 (KHTML, like Gecko) Chrome/120.0.0.0 Safari/537.36"
::1 - - [26/Jan/2024:05:16:24 +0000] "OPTIONS /api/v1/get-user HTTP/1.1" 200 0 "http://localhost:3000/" "Mozilla/5.0 (Windows NT 10.0; Win64; x64) AppleWebKit/537.36 (KHTML, like Gecko) Chrome/120.0.0.0 Safari/537.36"
::1 - - [26/Jan/2024:05:16:24 +0000] "OPTIONS /api/v1/get-user HTTP/1.1" 200 0 "http://localhost:3000/" "Mozilla/5.0 (Windows NT 10.0; Win64; x64) AppleWebKit/537.36 (KHTML, like Gecko) Chrome/120.0.0.0 Safari/537.36"
::1 - - [26/Jan/2024:05:16:24 +0000] "GET /api/v1/get-user HTTP/1.1" 200 479 "http://localhost:3000/" "Mozilla/5.0 (Windows NT 10.0; Win64; x64) AppleWebKit/537.36 (KHTML, like Gecko) Chrome/120.0.0.0 Safari/537.36"
::1 - - [26/Jan/2024:05:16:24 +0000] "GET /api/v1/get-user HTTP/1.1" 304 - "http://localhost:3000/" "Mozilla/5.0 (Windows NT 10.0; Win64; x64) AppleWebKit/537.36 (KHTML, like Gecko) Chrome/120.0.0.0 Safari/537.36"
::1 - - [26/Jan/2024:05:16:24 +0000] "GET /avatar.png HTTP/1.1" 200 362214 "http://localhost:3000/" "Mozilla/5.0 (Windows NT 10.0; Win64; x64) AppleWebKit/537.36 (KHTML, like Gecko) Chrome/120.0.0.0 Safari/537.36"
::1 - - [26/Jan/2024:05:16:24 +0000] "GET /avatar.png HTTP/1.1" 304 - "http://localhost:3000/" "Mozilla/5.0 (Windows NT 10.0; Win64; x64) AppleWebKit/537.36 (KHTML, like Gecko) Chrome/120.0.0.0 Safari/537.36"
::1 - - [26/Jan/2024:05:26:48 +0000] "OPTIONS /api/v1/get-user HTTP/1.1" 200 0 "http://localhost:3000/" "Mozilla/5.0 (Windows NT 10.0; Win64; x64) AppleWebKit/537.36 (KHTML, like Gecko) Chrome/120.0.0.0 Safari/537.36"
::1 - - [26/Jan/2024:05:26:48 +0000] "OPTIONS /api/v1/get-user HTTP/1.1" 200 0 "http://localhost:3000/" "Mozilla/5.0 (Windows NT 10.0; Win64; x64) AppleWebKit/537.36 (KHTML, like Gecko) Chrome/120.0.0.0 Safari/537.36"
::1 - - [26/Jan/2024:05:26:48 +0000] "GET /avatar.png HTTP/1.1" 304 - "http://localhost:3000/" "Mozilla/5.0 (Windows NT 10.0; Win64; x64) AppleWebKit/537.36 (KHTML, like Gecko) Chrome/120.0.0.0 Safari/537.36"
::1 - - [26/Jan/2024:05:26:48 +0000] "GET /api/v1/get-user HTTP/1.1" 200 479 "http://localhost:3000/" "Mozilla/5.0 (Windows NT 10.0; Win64; x64) AppleWebKit/537.36 (KHTML, like Gecko) Chrome/120.0.0.0 Safari/537.36"
::1 - - [26/Jan/2024:05:26:48 +0000] "GET /api/v1/get-user HTTP/1.1" 304 - "http://localhost:3000/" "Mozilla/5.0 (Windows NT 10.0; Win64; x64) AppleWebKit/537.36 (KHTML, like Gecko) Chrome/120.0.0.0 Safari/537.36"
::1 - - [26/Jan/2024:05:26:48 +0000] "GET /avatar.png HTTP/1.1" 304 - "http://localhost:3000/" "Mozilla/5.0 (Windows NT 10.0; Win64; x64) AppleWebKit/537.36 (KHTML, like Gecko) Chrome/120.0.0.0 Safari/537.36"
::1 - - [26/Jan/2024:05:27:06 +0000] "OPTIONS /api/v1/avatar-update HTTP/1.1" 200 0 "http://localhost:3000/" "Mozilla/5.0 (Windows NT 10.0; Win64; x64) AppleWebKit/537.36 (KHTML, like Gecko) Chrome/120.0.0.0 Safari/537.36"
::1 - - [26/Jan/2024:05:27:06 +0000] "PUT /api/v1/avatar-update HTTP/1.1" 200 510 "http://localhost:3000/" "Mozilla/5.0 (Windows NT 10.0; Win64; x64) AppleWebKit/537.36 (KHTML, like Gecko) Chrome/120.0.0.0 Safari/537.36"
::1 - - [26/Jan/2024:05:27:08 +0000] "OPTIONS /api/v1/get-user HTTP/1.1" 200 0 "http://localhost:3000/" "Mozilla/5.0 (Windows NT 10.0; Win64; x64) AppleWebKit/537.36 (KHTML, like Gecko) Chrome/120.0.0.0 Safari/537.36"
::1 - - [26/Jan/2024:05:27:08 +0000] "OPTIONS /api/v1/get-user HTTP/1.1" 200 0 "http://localhost:3000/" "Mozilla/5.0 (Windows NT 10.0; Win64; x64) AppleWebKit/537.36 (KHTML, like Gecko) Chrome/120.0.0.0 Safari/537.36"
::1 - - [26/Jan/2024:05:27:08 +0000] "GET /api/v1/get-user HTTP/1.1" 200 511 "http://localhost:3000/" "Mozilla/5.0 (Windows NT 10.0; Win64; x64) AppleWebKit/537.36 (KHTML, like Gecko) Chrome/120.0.0.0 Safari/537.36"
::1 - - [26/Jan/2024:05:27:08 +0000] "GET /uploads/users/dp---copy-1706246826820.jpeg HTTP/1.1" 200 297876 "http://localhost:3000/" "Mozilla/5.0 (Windows NT 10.0; Win64; x64) AppleWebKit/537.36 (KHTML, like Gecko) Chrome/120.0.0.0 Safari/537.36"
::1 - - [26/Jan/2024:05:27:08 +0000] "GET /api/v1/get-user HTTP/1.1" 304 - "http://localhost:3000/" "Mozilla/5.0 (Windows NT 10.0; Win64; x64) AppleWebKit/537.36 (KHTML, like Gecko) Chrome/120.0.0.0 Safari/537.36"
::1 - - [26/Jan/2024:05:27:08 +0000] "GET /uploads/users/dp---copy-1706246826820.jpeg HTTP/1.1" 304 - "http://localhost:3000/" "Mozilla/5.0 (Windows NT 10.0; Win64; x64) AppleWebKit/537.36 (KHTML, like Gecko) Chrome/120.0.0.0 Safari/537.36"
::ffff:127.0.0.1 - - [26/Jan/2024:05:27:38 +0000] "GET /api/v1/featured-rooms-list HTTP/1.1" 200 243 "-" "axios/1.6.3"
::1 - - [26/Jan/2024:05:27:38 +0000] "GET /uploads/users/dp---copy-1706246826820.jpeg HTTP/1.1" 304 - "http://localhost:3000/" "Mozilla/5.0 (Windows NT 10.0; Win64; x64) AppleWebKit/537.36 (KHTML, like Gecko) Chrome/120.0.0.0 Safari/537.36"
::ffff:127.0.0.1 - - [26/Jan/2024:05:36:07 +0000] "GET /api/v1/featured-rooms-list HTTP/1.1" 200 243 "-" "axios/1.6.3"
::1 - - [26/Jan/2024:05:36:07 +0000] "GET /uploads/users/dp---copy-1706246826820.jpeg HTTP/1.1" 304 - "http://localhost:3000/" "Mozilla/5.0 (Windows NT 10.0; Win64; x64) AppleWebKit/537.36 (KHTML, like Gecko) Chrome/120.0.0.0 Safari/537.36"
::ffff:127.0.0.1 - - [26/Jan/2024:05:41:28 +0000] "POST /api/v1/create-room HTTP/1.1" 403 155 "-" "PostmanRuntime/7.36.1"
::ffff:127.0.0.1 - - [26/Jan/2024:05:53:46 +0000] "GET /api/v1/featured-rooms-list HTTP/1.1" 200 243 "-" "axios/1.6.3"
::1 - - [26/Jan/2024:05:53:48 +0000] "GET /uploads/users/dp---copy-1706246826820.jpeg HTTP/1.1" 304 - "http://localhost:3000/" "Mozilla/5.0 (Windows NT 10.0; Win64; x64) AppleWebKit/537.36 (KHTML, like Gecko) Chrome/120.0.0.0 Safari/537.36"
::ffff:127.0.0.1 - - [26/Jan/2024:05:56:39 +0000] "GET /api/v1/featured-rooms-list HTTP/1.1" 200 243 "-" "axios/1.6.3"
::1 - - [26/Jan/2024:05:57:16 +0000] "GET /uploads/users/dp---copy-1706246826820.jpeg HTTP/1.1" 304 - "http://localhost:3000/" "Mozilla/5.0 (Windows NT 10.0; Win64; x64) AppleWebKit/537.36 (KHTML, like Gecko) Chrome/120.0.0.0 Safari/537.36"
::1 - - [26/Jan/2024:06:05:07 +0000] "OPTIONS /api/v1/auth/logout HTTP/1.1" 200 0 "http://localhost:3000/" "Mozilla/5.0 (Windows NT 10.0; Win64; x64) AppleWebKit/537.36 (KHTML, like Gecko) Chrome/120.0.0.0 Safari/537.36"
::1 - - [26/Jan/2024:06:05:07 +0000] "POST /api/v1/auth/logout HTTP/1.1" 200 141 "http://localhost:3000/" "Mozilla/5.0 (Windows NT 10.0; Win64; x64) AppleWebKit/537.36 (KHTML, like Gecko) Chrome/120.0.0.0 Safari/537.36"
::1 - - [26/Jan/2024:06:05:25 +0000] "OPTIONS /api/v1/auth/login HTTP/1.1" 200 0 "http://localhost:3000/" "Mozilla/5.0 (Windows NT 10.0; Win64; x64) AppleWebKit/537.36 (KHTML, like Gecko) Chrome/120.0.0.0 Safari/537.36"
::1 - - [26/Jan/2024:06:05:25 +0000] "POST /api/v1/auth/login HTTP/1.1" 200 993 "http://localhost:3000/" "Mozilla/5.0 (Windows NT 10.0; Win64; x64) AppleWebKit/537.36 (KHTML, like Gecko) Chrome/120.0.0.0 Safari/537.36"
::1 - - [26/Jan/2024:06:05:48 +0000] "OPTIONS /api/v1/get-user HTTP/1.1" 200 0 "http://localhost:3000/" "Mozilla/5.0 (Windows NT 10.0; Win64; x64) AppleWebKit/537.36 (KHTML, like Gecko) Chrome/120.0.0.0 Safari/537.36"
::1 - - [26/Jan/2024:06:05:48 +0000] "OPTIONS /api/v1/get-user HTTP/1.1" 200 0 "http://localhost:3000/" "Mozilla/5.0 (Windows NT 10.0; Win64; x64) AppleWebKit/537.36 (KHTML, like Gecko) Chrome/120.0.0.0 Safari/537.36"
::1 - - [26/Jan/2024:06:05:48 +0000] "GET /avatar.png HTTP/1.1" 304 - "http://localhost:3000/" "Mozilla/5.0 (Windows NT 10.0; Win64; x64) AppleWebKit/537.36 (KHTML, like Gecko) Chrome/120.0.0.0 Safari/537.36"
::1 - - [26/Jan/2024:06:05:48 +0000] "GET /api/v1/get-user HTTP/1.1" 200 491 "http://localhost:3000/" "Mozilla/5.0 (Windows NT 10.0; Win64; x64) AppleWebKit/537.36 (KHTML, like Gecko) Chrome/120.0.0.0 Safari/537.36"
::1 - - [26/Jan/2024:06:05:48 +0000] "GET /api/v1/get-user HTTP/1.1" 304 - "http://localhost:3000/" "Mozilla/5.0 (Windows NT 10.0; Win64; x64) AppleWebKit/537.36 (KHTML, like Gecko) Chrome/120.0.0.0 Safari/537.36"
::1 - - [26/Jan/2024:06:05:48 +0000] "GET /avatar.png HTTP/1.1" 304 - "http://localhost:3000/" "Mozilla/5.0 (Windows NT 10.0; Win64; x64) AppleWebKit/537.36 (KHTML, like Gecko) Chrome/120.0.0.0 Safari/537.36"
::ffff:127.0.0.1 - - [26/Jan/2024:06:08:55 +0000] "POST /api/v1/auth/login?loginType=admin HTTP/1.1" 200 993 "-" "PostmanRuntime/7.36.1"
::ffff:127.0.0.1 - - [26/Jan/2024:06:10:15 +0000] "POST /api/v1/create-room HTTP/1.1" 403 155 "-" "PostmanRuntime/7.36.1"
::ffff:127.0.0.1 - - [26/Jan/2024:06:14:37 +0000] "POST /api/v1/auth/login?loginType=admin HTTP/1.1" 200 993 "-" "PostmanRuntime/7.36.1"
::ffff:127.0.0.1 - - [26/Jan/2024:06:15:34 +0000] "POST /api/v1/auth/login?loginType=admin HTTP/1.1" 200 993 "-" "PostmanRuntime/7.36.1"
::ffff:127.0.0.1 - - [26/Jan/2024:06:15:43 +0000] "POST /api/v1/create-room HTTP/1.1" 403 155 "-" "PostmanRuntime/7.36.1"
::ffff:127.0.0.1 - - [26/Jan/2024:06:16:34 +0000] "POST /api/v1/create-room HTTP/1.1" 403 155 "-" "PostmanRuntime/7.36.1"
::ffff:127.0.0.1 - - [26/Jan/2024:06:19:24 +0000] "POST /api/v1/create-room HTTP/1.1" 403 155 "-" "PostmanRuntime/7.36.1"
::ffff:127.0.0.1 - - [26/Jan/2024:06:23:15 +0000] "GET /api/v1/featured-rooms-list HTTP/1.1" 200 243 "-" "axios/1.6.3"
::1 - - [26/Jan/2024:06:23:15 +0000] "GET /avatar.png HTTP/1.1" 304 - "http://localhost:3000/" "Mozilla/5.0 (Windows NT 10.0; Win64; x64) AppleWebKit/537.36 (KHTML, like Gecko) Chrome/120.0.0.0 Safari/537.36"
::ffff:127.0.0.1 - - [26/Jan/2024:06:27:36 +0000] "POST /api/v1/auth/login?loginType=admin HTTP/1.1" 200 993 "-" "PostmanRuntime/7.36.1"
::ffff:127.0.0.1 - - [26/Jan/2024:06:34:40 +0000] "GET /api/v1/all-rooms-list HTTP/1.1" 200 234 "-" "axios/1.6.3"
::ffff:127.0.0.1 - - [26/Jan/2024:06:34:44 +0000] "GET /api/v1/featured-rooms-list HTTP/1.1" 200 243 "-" "axios/1.6.3"
::ffff:127.0.0.1 - - [26/Jan/2024:16:27:40 +0000] "GET /api/v1/featured-rooms-list HTTP/1.1" 200 243 "-" "axios/1.6.3"
::ffff:127.0.0.1 - - [26/Jan/2024:16:28:21 +0000] "GET /api/v1/featured-rooms-list HTTP/1.1" 200 243 "-" "axios/1.6.3"
::ffff:127.0.0.1 - - [26/Jan/2024:16:29:08 +0000] "GET /api/v1/featured-rooms-list HTTP/1.1" 200 243 "-" "axios/1.6.3"
::ffff:127.0.0.1 - - [26/Jan/2024:16:29:08 +0000] "GET /api/v1/featured-rooms-list HTTP/1.1" 200 243 "-" "axios/1.6.3"
::ffff:127.0.0.1 - - [26/Jan/2024:16:30:27 +0000] "GET /api/v1/featured-rooms-list HTTP/1.1" 200 243 "-" "axios/1.6.3"
::ffff:127.0.0.1 - - [26/Jan/2024:16:30:29 +0000] "GET /api/v1/all-rooms-list HTTP/1.1" 200 234 "-" "axios/1.6.3"
::ffff:127.0.0.1 - - [26/Jan/2024:16:31:05 +0000] "GET /api/v1/featured-rooms-list HTTP/1.1" 200 243 "-" "axios/1.6.3"
::ffff:127.0.0.1 - - [26/Jan/2024:16:33:16 +0000] "GET /api/v1/featured-rooms-list HTTP/1.1" 200 243 "-" "axios/1.6.3"
::ffff:127.0.0.1 - - [26/Jan/2024:16:36:46 +0000] "GET /api/v1/featured-rooms-list HTTP/1.1" 200 243 "-" "axios/1.6.3"
::ffff:127.0.0.1 - - [26/Jan/2024:16:38:12 +0000] "GET /api/v1/all-rooms-list HTTP/1.1" 200 234 "-" "axios/1.6.3"
::ffff:127.0.0.1 - - [26/Jan/2024:16:38:14 +0000] "GET /api/v1/featured-rooms-list HTTP/1.1" 200 243 "-" "axios/1.6.3"
::ffff:127.0.0.1 - - [26/Jan/2024:16:38:55 +0000] "GET /api/v1/featured-rooms-list HTTP/1.1" 200 243 "-" "axios/1.6.3"
::ffff:127.0.0.1 - - [26/Jan/2024:16:39:54 +0000] "POST /api/v1/auth/login?loginType=admin HTTP/1.1" 404 139 "-" "PostmanRuntime/7.36.1"
::ffff:127.0.0.1 - - [26/Jan/2024:16:40:04 +0000] "POST /api/v1/auth/login?loginType=admin HTTP/1.1" 200 993 "-" "PostmanRuntime/7.36.1"
::1 - - [26/Jan/2024:16:42:05 +0000] "OPTIONS /api/v1/auth/registration HTTP/1.1" 200 0 "http://localhost:3000/" "Mozilla/5.0 (Windows NT 10.0; Win64; x64) AppleWebKit/537.36 (KHTML, like Gecko) Chrome/120.0.0.0 Safari/537.36"
::1 - - [26/Jan/2024:16:42:06 +0000] "POST /api/v1/auth/registration HTTP/1.1" 201 496 "http://localhost:3000/" "Mozilla/5.0 (Windows NT 10.0; Win64; x64) AppleWebKit/537.36 (KHTML, like Gecko) Chrome/120.0.0.0 Safari/537.36"
::1 - - [26/Jan/2024:16:42:27 +0000] "OPTIONS /api/v1/auth/login HTTP/1.1" 200 0 "http://localhost:3000/" "Mozilla/5.0 (Windows NT 10.0; Win64; x64) AppleWebKit/537.36 (KHTML, like Gecko) Chrome/120.0.0.0 Safari/537.36"
::1 - - [26/Jan/2024:16:42:28 +0000] "POST /api/v1/auth/login HTTP/1.1" 200 999 "http://localhost:3000/" "Mozilla/5.0 (Windows NT 10.0; Win64; x64) AppleWebKit/537.36 (KHTML, like Gecko) Chrome/120.0.0.0 Safari/537.36"
::1 - - [26/Jan/2024:16:42:44 +0000] "OPTIONS /api/v1/get-user HTTP/1.1" 200 0 "http://localhost:3000/" "Mozilla/5.0 (Windows NT 10.0; Win64; x64) AppleWebKit/537.36 (KHTML, like Gecko) Chrome/120.0.0.0 Safari/537.36"
::1 - - [26/Jan/2024:16:42:44 +0000] "OPTIONS /api/v1/get-user HTTP/1.1" 200 0 "http://localhost:3000/" "Mozilla/5.0 (Windows NT 10.0; Win64; x64) AppleWebKit/537.36 (KHTML, like Gecko) Chrome/120.0.0.0 Safari/537.36"
::1 - - [26/Jan/2024:16:42:44 +0000] "GET /api/v1/get-user HTTP/1.1" 200 497 "http://localhost:3000/" "Mozilla/5.0 (Windows NT 10.0; Win64; x64) AppleWebKit/537.36 (KHTML, like Gecko) Chrome/120.0.0.0 Safari/537.36"
::1 - - [26/Jan/2024:16:42:44 +0000] "GET /avatar.png HTTP/1.1" 200 362214 "http://localhost:3000/" "Mozilla/5.0 (Windows NT 10.0; Win64; x64) AppleWebKit/537.36 (KHTML, like Gecko) Chrome/120.0.0.0 Safari/537.36"
::1 - - [26/Jan/2024:16:42:44 +0000] "GET /api/v1/get-user HTTP/1.1" 304 - "http://localhost:3000/" "Mozilla/5.0 (Windows NT 10.0; Win64; x64) AppleWebKit/537.36 (KHTML, like Gecko) Chrome/120.0.0.0 Safari/537.36"
::1 - - [26/Jan/2024:16:42:44 +0000] "GET /avatar.png HTTP/1.1" 304 - "http://localhost:3000/" "Mozilla/5.0 (Windows NT 10.0; Win64; x64) AppleWebKit/537.36 (KHTML, like Gecko) Chrome/120.0.0.0 Safari/537.36"
::1 - - [26/Jan/2024:16:43:08 +0000] "OPTIONS /api/v1/avatar-update HTTP/1.1" 200 0 "http://localhost:3000/" "Mozilla/5.0 (Windows NT 10.0; Win64; x64) AppleWebKit/537.36 (KHTML, like Gecko) Chrome/120.0.0.0 Safari/537.36"
::1 - - [26/Jan/2024:16:43:08 +0000] "PUT /api/v1/avatar-update HTTP/1.1" 200 537 "http://localhost:3000/" "Mozilla/5.0 (Windows NT 10.0; Win64; x64) AppleWebKit/537.36 (KHTML, like Gecko) Chrome/120.0.0.0 Safari/537.36"
::1 - - [26/Jan/2024:16:43:09 +0000] "OPTIONS /api/v1/get-user HTTP/1.1" 200 0 "http://localhost:3000/" "Mozilla/5.0 (Windows NT 10.0; Win64; x64) AppleWebKit/537.36 (KHTML, like Gecko) Chrome/120.0.0.0 Safari/537.36"
::1 - - [26/Jan/2024:16:43:09 +0000] "OPTIONS /api/v1/get-user HTTP/1.1" 200 0 "http://localhost:3000/" "Mozilla/5.0 (Windows NT 10.0; Win64; x64) AppleWebKit/537.36 (KHTML, like Gecko) Chrome/120.0.0.0 Safari/537.36"
::1 - - [26/Jan/2024:16:43:09 +0000] "GET /api/v1/get-user HTTP/1.1" 200 538 "http://localhost:3000/" "Mozilla/5.0 (Windows NT 10.0; Win64; x64) AppleWebKit/537.36 (KHTML, like Gecko) Chrome/120.0.0.0 Safari/537.36"
::1 - - [26/Jan/2024:16:43:09 +0000] "GET /uploads/users/img_20200406_202740-1706287388338.png HTTP/1.1" 200 292108 "http://localhost:3000/" "Mozilla/5.0 (Windows NT 10.0; Win64; x64) AppleWebKit/537.36 (KHTML, like Gecko) Chrome/120.0.0.0 Safari/537.36"
::1 - - [26/Jan/2024:16:43:09 +0000] "GET /api/v1/get-user HTTP/1.1" 304 - "http://localhost:3000/" "Mozilla/5.0 (Windows NT 10.0; Win64; x64) AppleWebKit/537.36 (KHTML, like Gecko) Chrome/120.0.0.0 Safari/537.36"
::1 - - [26/Jan/2024:16:43:09 +0000] "GET /uploads/users/img_20200406_202740-1706287388338.png HTTP/1.1" 304 - "http://localhost:3000/" "Mozilla/5.0 (Windows NT 10.0; Win64; x64) AppleWebKit/537.36 (KHTML, like Gecko) Chrome/120.0.0.0 Safari/537.36"
::1 - - [26/Jan/2024:16:43:22 +0000] "OPTIONS /api/v1/get-user-booking-orders?limit=10&page=1&sort=desc HTTP/1.1" 200 0 "http://localhost:3000/" "Mozilla/5.0 (Windows NT 10.0; Win64; x64) AppleWebKit/537.36 (KHTML, like Gecko) Chrome/120.0.0.0 Safari/537.36"
::1 - - [26/Jan/2024:16:43:22 +0000] "OPTIONS /api/v1/get-user-booking-orders?limit=10&page=1&sort=desc HTTP/1.1" 200 0 "http://localhost:3000/" "Mozilla/5.0 (Windows NT 10.0; Win64; x64) AppleWebKit/537.36 (KHTML, like Gecko) Chrome/120.0.0.0 Safari/537.36"
::1 - - [26/Jan/2024:16:43:22 +0000] "GET /api/v1/get-user-booking-orders?limit=10&page=1&sort=desc HTTP/1.1" 404 160 "http://localhost:3000/" "Mozilla/5.0 (Windows NT 10.0; Win64; x64) AppleWebKit/537.36 (KHTML, like Gecko) Chrome/120.0.0.0 Safari/537.36"
::1 - - [26/Jan/2024:16:43:22 +0000] "GET /api/v1/get-user-booking-orders?limit=10&page=1&sort=desc HTTP/1.1" 404 160 "http://localhost:3000/" "Mozilla/5.0 (Windows NT 10.0; Win64; x64) AppleWebKit/537.36 (KHTML, like Gecko) Chrome/120.0.0.0 Safari/537.36"
::ffff:127.0.0.1 - - [26/Jan/2024:16:43:28 +0000] "GET /api/v1/featured-rooms-list HTTP/1.1" 200 243 "-" "axios/1.6.3"
::1 - - [26/Jan/2024:16:43:28 +0000] "GET /uploads/users/img_20200406_202740-1706287388338.png HTTP/1.1" 304 - "http://localhost:3000/" "Mozilla/5.0 (Windows NT 10.0; Win64; x64) AppleWebKit/537.36 (KHTML, like Gecko) Chrome/120.0.0.0 Safari/537.36"
::ffff:127.0.0.1 - - [26/Jan/2024:16:43:31 +0000] "GET /api/v1/all-rooms-list HTTP/1.1" 200 234 "-" "axios/1.6.3"
::1 - - [26/Jan/2024:16:43:34 +0000] "OPTIONS /api/v1/get-user HTTP/1.1" 200 0 "http://localhost:3000/" "Mozilla/5.0 (Windows NT 10.0; Win64; x64) AppleWebKit/537.36 (KHTML, like Gecko) Chrome/120.0.0.0 Safari/537.36"
::1 - - [26/Jan/2024:16:43:34 +0000] "OPTIONS /api/v1/get-user HTTP/1.1" 200 0 "http://localhost:3000/" "Mozilla/5.0 (Windows NT 10.0; Win64; x64) AppleWebKit/537.36 (KHTML, like Gecko) Chrome/120.0.0.0 Safari/537.36"
::1 - - [26/Jan/2024:16:43:34 +0000] "GET /api/v1/get-user HTTP/1.1" 200 538 "http://localhost:3000/" "Mozilla/5.0 (Windows NT 10.0; Win64; x64) AppleWebKit/537.36 (KHTML, like Gecko) Chrome/120.0.0.0 Safari/537.36"
::1 - - [26/Jan/2024:16:43:34 +0000] "GET /api/v1/get-user HTTP/1.1" 304 - "http://localhost:3000/" "Mozilla/5.0 (Windows NT 10.0; Win64; x64) AppleWebKit/537.36 (KHTML, like Gecko) Chrome/120.0.0.0 Safari/537.36"
::1 - - [26/Jan/2024:16:43:34 +0000] "GET /uploads/users/img_20200406_202740-1706287388338.png HTTP/1.1" 304 - "http://localhost:3000/" "Mozilla/5.0 (Windows NT 10.0; Win64; x64) AppleWebKit/537.36 (KHTML, like Gecko) Chrome/120.0.0.0 Safari/537.36"
::1 - - [26/Jan/2024:16:48:15 +0000] "OPTIONS /api/v1/get-user HTTP/1.1" 200 0 "http://localhost:3000/" "Mozilla/5.0 (Windows NT 10.0; Win64; x64) AppleWebKit/537.36 (KHTML, like Gecko) Chrome/120.0.0.0 Safari/537.36"
::1 - - [26/Jan/2024:16:48:15 +0000] "OPTIONS /api/v1/get-user HTTP/1.1" 200 0 "http://localhost:3000/" "Mozilla/5.0 (Windows NT 10.0; Win64; x64) AppleWebKit/537.36 (KHTML, like Gecko) Chrome/120.0.0.0 Safari/537.36"
::1 - - [26/Jan/2024:16:48:15 +0000] "GET /uploads/users/img_20200406_202740-1706287388338.png HTTP/1.1" 304 - "http://localhost:3000/" "Mozilla/5.0 (Windows NT 10.0; Win64; x64) AppleWebKit/537.36 (KHTML, like Gecko) Chrome/120.0.0.0 Safari/537.36"
::1 - - [26/Jan/2024:16:48:15 +0000] "GET /api/v1/get-user HTTP/1.1" 200 538 "http://localhost:3000/" "Mozilla/5.0 (Windows NT 10.0; Win64; x64) AppleWebKit/537.36 (KHTML, like Gecko) Chrome/120.0.0.0 Safari/537.36"
::1 - - [26/Jan/2024:16:48:15 +0000] "GET /api/v1/get-user HTTP/1.1" 304 - "http://localhost:3000/" "Mozilla/5.0 (Windows NT 10.0; Win64; x64) AppleWebKit/537.36 (KHTML, like Gecko) Chrome/120.0.0.0 Safari/537.36"
::1 - - [26/Jan/2024:16:48:15 +0000] "GET /uploads/users/img_20200406_202740-1706287388338.png HTTP/1.1" 304 - "http://localhost:3000/" "Mozilla/5.0 (Windows NT 10.0; Win64; x64) AppleWebKit/537.36 (KHTML, like Gecko) Chrome/120.0.0.0 Safari/537.36"
::ffff:127.0.0.1 - - [26/Jan/2024:16:59:53 +0000] "GET /api/v1/featured-rooms-list HTTP/1.1" 200 243 "-" "axios/1.6.3"
::1 - - [26/Jan/2024:16:59:53 +0000] "GET /uploads/users/img_20200406_202740-1706287388338.png HTTP/1.1" 304 - "http://localhost:3000/" "Mozilla/5.0 (Windows NT 10.0; Win64; x64) AppleWebKit/537.36 (KHTML, like Gecko) Chrome/120.0.0.0 Safari/537.36"
::1 - - [26/Jan/2024:17:00:19 +0000] "OPTIONS /api/v1/get-user HTTP/1.1" 200 0 "http://localhost:3000/" "Mozilla/5.0 (Windows NT 10.0; Win64; x64) AppleWebKit/537.36 (KHTML, like Gecko) Chrome/120.0.0.0 Safari/537.36"
::1 - - [26/Jan/2024:17:00:19 +0000] "OPTIONS /api/v1/get-user HTTP/1.1" 200 0 "http://localhost:3000/" "Mozilla/5.0 (Windows NT 10.0; Win64; x64) AppleWebKit/537.36 (KHTML, like Gecko) Chrome/120.0.0.0 Safari/537.36"
::1 - - [26/Jan/2024:17:00:19 +0000] "GET /api/v1/get-user HTTP/1.1" 200 538 "http://localhost:3000/" "Mozilla/5.0 (Windows NT 10.0; Win64; x64) AppleWebKit/537.36 (KHTML, like Gecko) Chrome/120.0.0.0 Safari/537.36"
::1 - - [26/Jan/2024:17:00:19 +0000] "GET /api/v1/get-user HTTP/1.1" 304 - "http://localhost:3000/" "Mozilla/5.0 (Windows NT 10.0; Win64; x64) AppleWebKit/537.36 (KHTML, like Gecko) Chrome/120.0.0.0 Safari/537.36"
::1 - - [26/Jan/2024:17:00:19 +0000] "GET /uploads/users/img_20200406_202740-1706287388338.png HTTP/1.1" 304 - "http://localhost:3000/" "Mozilla/5.0 (Windows NT 10.0; Win64; x64) AppleWebKit/537.36 (KHTML, like Gecko) Chrome/120.0.0.0 Safari/537.36"
::1 - - [26/Jan/2024:17:00:37 +0000] "OPTIONS /api/v1/get-user HTTP/1.1" 200 0 "http://localhost:3000/" "Mozilla/5.0 (Windows NT 10.0; Win64; x64) AppleWebKit/537.36 (KHTML, like Gecko) Chrome/120.0.0.0 Safari/537.36"
::1 - - [26/Jan/2024:17:00:37 +0000] "OPTIONS /api/v1/get-user HTTP/1.1" 200 0 "http://localhost:3000/" "Mozilla/5.0 (Windows NT 10.0; Win64; x64) AppleWebKit/537.36 (KHTML, like Gecko) Chrome/120.0.0.0 Safari/537.36"
::1 - - [26/Jan/2024:17:00:37 +0000] "GET /uploads/users/img_20200406_202740-1706287388338.png HTTP/1.1" 304 - "http://localhost:3000/" "Mozilla/5.0 (Windows NT 10.0; Win64; x64) AppleWebKit/537.36 (KHTML, like Gecko) Chrome/120.0.0.0 Safari/537.36"
::1 - - [26/Jan/2024:17:00:37 +0000] "GET /api/v1/get-user HTTP/1.1" 200 538 "http://localhost:3000/" "Mozilla/5.0 (Windows NT 10.0; Win64; x64) AppleWebKit/537.36 (KHTML, like Gecko) Chrome/120.0.0.0 Safari/537.36"
::1 - - [26/Jan/2024:17:00:37 +0000] "GET /api/v1/get-user HTTP/1.1" 304 - "http://localhost:3000/" "Mozilla/5.0 (Windows NT 10.0; Win64; x64) AppleWebKit/537.36 (KHTML, like Gecko) Chrome/120.0.0.0 Safari/537.36"
::1 - - [26/Jan/2024:17:00:37 +0000] "GET /uploads/users/img_20200406_202740-1706287388338.png HTTP/1.1" 304 - "http://localhost:3000/" "Mozilla/5.0 (Windows NT 10.0; Win64; x64) AppleWebKit/537.36 (KHTML, like Gecko) Chrome/120.0.0.0 Safari/537.36"
::ffff:127.0.0.1 - - [26/Jan/2024:17:00:39 +0000] "GET /api/v1/featured-rooms-list HTTP/1.1" 200 243 "-" "axios/1.6.3"
::1 - - [26/Jan/2024:17:00:39 +0000] "GET /uploads/users/img_20200406_202740-1706287388338.png HTTP/1.1" 304 - "http://localhost:3000/" "Mozilla/5.0 (Windows NT 10.0; Win64; x64) AppleWebKit/537.36 (KHTML, like Gecko) Chrome/120.0.0.0 Safari/537.36"
::ffff:127.0.0.1 - - [26/Jan/2024:17:01:12 +0000] "POST /api/v1/create-room HTTP/1.1" 403 155 "-" "PostmanRuntime/7.36.1"
::ffff:127.0.0.1 - - [26/Jan/2024:17:04:09 +0000] "GET /api/v1/featured-rooms-list HTTP/1.1" 200 243 "-" "axios/1.6.3"
::1 - - [26/Jan/2024:17:04:10 +0000] "GET /uploads/users/img_20200406_202740-1706287388338.png HTTP/1.1" 304 - "http://localhost:3000/" "Mozilla/5.0 (Windows NT 10.0; Win64; x64) AppleWebKit/537.36 (KHTML, like Gecko) Chrome/120.0.0.0 Safari/537.36"
::ffff:127.0.0.1 - - [26/Jan/2024:17:05:05 +0000] "POST /api/v1/create-room HTTP/1.1" 404 146 "-" "PostmanRuntime/7.36.1"
::ffff:127.0.0.1 - - [26/Jan/2024:17:08:58 +0000] "POST /api/v1/create-room HTTP/1.1" 403 155 "-" "PostmanRuntime/7.36.1"
::ffff:127.0.0.1 - - [26/Jan/2024:17:10:10 +0000] "POST /api/v1/create-room HTTP/1.1" 403 155 "-" "PostmanRuntime/7.36.1"
::ffff:127.0.0.1 - - [26/Jan/2024:17:10:53 +0000] "POST /api/v1/create-room HTTP/1.1" 500 123 "-" "PostmanRuntime/7.36.1"
::ffff:127.0.0.1 - - [26/Jan/2024:17:12:00 +0000] "POST /api/v1/create-room HTTP/1.1" - - "-" "PostmanRuntime/7.36.1"
::ffff:127.0.0.1 - - [26/Jan/2024:17:12:35 +0000] "POST /api/v1/create-room HTTP/1.1" 404 146 "-" "PostmanRuntime/7.36.1"
::ffff:127.0.0.1 - - [26/Jan/2024:17:17:56 +0000] "GET /api/v1/auth/refresh-token HTTP/1.1" 403 155 "-" "PostmanRuntime/7.36.1"
::ffff:127.0.0.1 - - [26/Jan/2024:17:18:05 +0000] "POST /api/v1/auth/login?loginType=admin HTTP/1.1" 200 993 "-" "PostmanRuntime/7.36.1"
::ffff:127.0.0.1 - - [26/Jan/2024:17:18:10 +0000] "GET /api/v1/auth/refresh-token HTTP/1.1" 403 155 "-" "PostmanRuntime/7.36.1"
::ffff:127.0.0.1 - - [26/Jan/2024:17:18:23 +0000] "POST /api/v1/create-room?loginType=admin HTTP/1.1" 404 146 "-" "PostmanRuntime/7.36.1"
::ffff:127.0.0.1 - - [26/Jan/2024:17:18:50 +0000] "POST /api/v1/create-room?loginType=admin HTTP/1.1" 500 123 "-" "PostmanRuntime/7.36.1"
::ffff:127.0.0.1 - - [26/Jan/2024:17:19:05 +0000] "POST /api/v1/create-room?loginType=admin HTTP/1.1" 403 155 "-" "PostmanRuntime/7.36.1"
::ffff:127.0.0.1 - - [26/Jan/2024:17:19:31 +0000] "POST /api/v1/create-room?loginType=admin HTTP/1.1" 403 155 "-" "PostmanRuntime/7.36.1"
::ffff:127.0.0.1 - - [26/Jan/2024:17:21:40 +0000] "POST /api/v1/auth/login?loginType=admin HTTP/1.1" 200 993 "-" "PostmanRuntime/7.36.1"
::ffff:127.0.0.1 - - [26/Jan/2024:17:22:16 +0000] "POST /api/v1/auth/login?loginType=admin HTTP/1.1" 200 993 "-" "PostmanRuntime/7.36.1"
::ffff:127.0.0.1 - - [26/Jan/2024:17:22:42 +0000] "POST /api/v1/create-room?loginType=admin HTTP/1.1" 403 155 "-" "PostmanRuntime/7.36.1"
::ffff:127.0.0.1 - - [26/Jan/2024:17:38:58 +0000] "POST /api/v1/auth/login?loginType=admin HTTP/1.1" 200 993 "-" "PostmanRuntime/7.36.1"
::ffff:127.0.0.1 - - [26/Jan/2024:17:42:42 +0000] "POST /api/v1/auth/login?loginType=admin HTTP/1.1" 200 993 "-" "PostmanRuntime/7.36.1"
::ffff:127.0.0.1 - - [26/Jan/2024:17:42:46 +0000] "POST /api/v1/create-room HTTP/1.1" 403 155 "-" "PostmanRuntime/7.36.1"
::ffff:127.0.0.1 - - [26/Jan/2024:17:47:21 +0000] "POST /api/v1/auth/login?loginType=admin HTTP/1.1" 200 993 "-" "PostmanRuntime/7.36.1"
::ffff:127.0.0.1 - - [26/Jan/2024:17:47:40 +0000] "POST /api/v1/create-room HTTP/1.1" 404 183 "-" "PostmanRuntime/7.36.1"
